
  .   ____          _            __ _ _
 /\\ / ___'_ __ _ _(_)_ __  __ _ \ \ \ \
( ( )\___ | '_ | '_| | '_ \/ _` | \ \ \ \
 \\/  ___)| |_)| | | | | || (_| |  ) ) ) )
  '  |____| .__|_| |_|_| |_\__, | / / / /
 =========|_|==============|___/=/_/_/_/

 :: Spring Boot ::                (v3.3.4)

2025-11-12T18:41:54.600+03:00  INFO 71147 --- [           main] com.example.tts.PiperTtsApplication      : Starting PiperTtsApplication using Java 24.0.1 with PID 71147 (/Users/lipeng/tts/piper-tts-backend/target/piper-tts-backend-0.1.0.jar started by lipeng in /Users/lipeng/tts/piper-tts-backend)
2025-11-12T18:41:54.601+03:00  INFO 71147 --- [           main] com.example.tts.PiperTtsApplication      : No active profile set, falling back to 1 default profile: "default"
WARNING: A restricted method in java.lang.System has been called
WARNING: java.lang.System::load has been called by org.apache.tomcat.jni.Library in an unnamed module (jar:nested:/Users/lipeng/tts/piper-tts-backend/target/piper-tts-backend-0.1.0.jar/!BOOT-INF/lib/tomcat-embed-core-10.1.30.jar!/)
WARNING: Use --enable-native-access=ALL-UNNAMED to avoid a warning for callers in this module
WARNING: Restricted methods will be blocked in a future release unless native access is enabled

2025-11-12T18:41:55.039+03:00  INFO 71147 --- [           main] o.s.b.w.embedded.tomcat.TomcatWebServer  : Tomcat initialized with port 8083 (http)
2025-11-12T18:41:55.047+03:00  INFO 71147 --- [           main] o.apache.catalina.core.StandardService   : Starting service [Tomcat]
2025-11-12T18:41:55.047+03:00  INFO 71147 --- [           main] o.apache.catalina.core.StandardEngine    : Starting Servlet engine: [Apache Tomcat/10.1.30]
2025-11-12T18:41:55.061+03:00  INFO 71147 --- [           main] o.a.c.c.C.[Tomcat].[localhost].[/]       : Initializing Spring embedded WebApplicationContext
2025-11-12T18:41:55.061+03:00  INFO 71147 --- [           main] w.s.c.ServletWebServerApplicationContext : Root WebApplicationContext: initialization completed in 439 ms
2025-11-12T18:41:55.252+03:00  INFO 71147 --- [           main] o.s.b.w.embedded.tomcat.TomcatWebServer  : Tomcat started on port 8083 (http) with context path '/'
2025-11-12T18:41:55.270+03:00  INFO 71147 --- [           main] com.example.tts.PiperTtsApplication      : Started PiperTtsApplication in 0.894 seconds (process running for 1.231)
2025-11-12T18:42:10.203+03:00  INFO 71147 --- [nio-8083-exec-1] o.a.c.c.C.[Tomcat].[localhost].[/]       : Initializing Spring DispatcherServlet 'dispatcherServlet'
2025-11-12T18:42:10.204+03:00  INFO 71147 --- [nio-8083-exec-1] o.s.web.servlet.DispatcherServlet        : Initializing Servlet 'dispatcherServlet'
2025-11-12T18:42:10.205+03:00  INFO 71147 --- [nio-8083-exec-1] o.s.web.servlet.DispatcherServlet        : Completed initialization in 1 ms
